Device: cuda
Training samples: 47533
Smoke-test samples: 47533
Physical batch size: 4
Effective batch size: 8
Gradient accumulation: 2

epoch 03 sample 0200 loss 3.0524 kp 0.626 reg 1.076 conn 0.003 cls 1.454 gt 662 m1 584 m2 282 edges 262
epoch 03 sample 0400 loss 2.6472 kp 0.544 reg 0.547 conn 0.003 cls 1.090 gt 457 m1 473 m2 248 edges 233
epoch 03 sample 0600 loss 2.3785 kp 0.477 reg 0.629 conn 0.003 cls 1.072 gt 539 m1 713 m2 351 edges 330
epoch 03 sample 0800 loss 2.1886 kp 0.402 reg 0.599 conn 0.001 cls 0.703 gt 510 m1 610 m2 309 edges 293
epoch 03 sample 1000 loss 2.0775 kp 0.466 reg 0.500 conn 0.001 cls 0.487 gt 430 m1 401 m2 203 edges 188
epoch 03 sample 1200 loss 1.9986 kp 0.414 reg 0.675 conn 0.001 cls 0.259 gt 717 m1 729 m2 369 edges 347
epoch 03 sample 1400 loss 1.9158 kp 0.473 reg 0.580 conn 0.001 cls 0.323 gt 896 m1 987 m2 484 edges 460
epoch 03 sample 1600 loss 1.8479 kp 0.534 reg 0.584 conn 0.001 cls 0.331 gt 411 m1 534 m2 267 edges 253
epoch 03 sample 1800 loss 1.7672 kp 0.372 reg 0.459 conn 0.001 cls 0.190 gt 380 m1 584 m2 295 edges 280
epoch 03 sample 2000 loss 1.6970 kp 0.244 reg 0.417 conn 0.000 cls 1.734 gt 61 m1 92 m2 46 edges 39
epoch 03 sample 2200 loss 1.6714 kp 0.320 reg 0.517 conn 0.000 cls 0.403 gt 175 m1 289 m2 145 edges 136
epoch 03 sample 2400 loss 1.6330 kp 0.356 reg 0.442 conn 0.000 cls 0.562 gt 130 m1 138 m2 70 edges 64
epoch 03 sample 2600 loss 1.5963 kp 0.333 reg 0.631 conn 0.001 cls 0.375 gt 665 m1 793 m2 356 edges 335
epoch 03 sample 2800 loss 1.5530 kp 0.387 reg 0.778 conn 0.001 cls 1.170 gt 327 m1 432 m2 216 edges 200
epoch 03 sample 3000 loss 1.5161 kp 0.314 reg 0.375 conn 0.001 cls 0.590 gt 647 m1 691 m2 353 edges 339
epoch 03 sample 3200 loss 1.4765 kp 0.393 reg 0.768 conn 0.001 cls 0.360 gt 323 m1 444 m2 217 edges 206
epoch 03 sample 3400 loss 1.4404 kp 0.334 reg 0.384 conn 0.002 cls 0.201 gt 772 m1 985 m2 457 edges 434
epoch 03 sample 3600 loss 1.4078 kp 0.337 reg 0.549 conn 0.002 cls 0.320 gt 810 m1 1025 m2 448 edges 420
epoch 03 sample 3800 loss 1.3820 kp 0.452 reg 0.828 conn 0.001 cls 1.804 gt 469 m1 531 m2 269 edges 250
epoch 03 sample 4000 loss 1.3514 kp 0.344 reg 0.454 conn 0.001 cls 0.209 gt 566 m1 776 m2 386 edges 368
epoch 03 sample 4200 loss 1.3199 kp 0.345 reg 0.543 conn 0.000 cls 0.261 gt 176 m1 215 m2 94 edges 83
epoch 03 sample 4400 loss 1.2875 kp 0.277 reg 0.387 conn 0.001 cls 0.059 gt 263 m1 331 m2 159 edges 149
epoch 03 sample 4600 loss 1.2616 kp 0.339 reg 0.496 conn 0.001 cls 0.353 gt 441 m1 644 m2 304 edges 288
epoch 03 sample 4800 loss 1.2316 kp 0.257 reg 0.488 conn 0.001 cls 0.100 gt 169 m1 325 m2 162 edges 155
epoch 03 sample 5000 loss 1.2090 kp 0.372 reg 0.390 conn 0.001 cls 0.142 gt 685 m1 812 m2 408 edges 388
epoch 03 sample 5200 loss 1.1854 kp 0.248 reg 0.380 conn 0.001 cls 0.169 gt 750 m1 782 m2 383 edges 366
epoch 03 sample 5400 loss 1.1624 kp 0.248 reg 0.598 conn 0.001 cls 0.298 gt 306 m1 463 m2 202 edges 188
epoch 03 sample 5600 loss 1.1410 kp 0.289 reg 0.513 conn 0.001 cls 0.374 gt 223 m1 329 m2 166 edges 158
epoch 03 sample 5800 loss 1.1206 kp 0.294 reg 0.417 conn 0.001 cls 0.169 gt 552 m1 743 m2 378 edges 359
epoch 03 sample 6000 loss 1.0996 kp 0.254 reg 0.389 conn 0.001 cls 0.407 gt 312 m1 478 m2 241 edges 227
epoch 03 sample 6200 loss 1.0797 kp 0.374 reg 0.669 conn 0.001 cls 0.847 gt 319 m1 475 m2 243 edges 225
epoch 03 sample 6400 loss 1.0607 kp 0.257 reg 0.355 conn 0.001 cls 0.209 gt 664 m1 909 m2 453 edges 433
epoch 03 sample 6600 loss 1.0393 kp 0.263 reg 0.447 conn 0.001 cls 0.096 gt 391 m1 398 m2 200 edges 191
epoch 03 sample 6800 loss 1.0163 kp 0.316 reg 0.532 conn 0.001 cls 0.299 gt 427 m1 642 m2 279 edges 253
epoch 03 sample 7000 loss 0.9954 kp 0.297 reg 0.678 conn 0.001 cls 0.281 gt 537 m1 559 m2 265 edges 250
epoch 03 sample 7200 loss 0.9761 kp 0.270 reg 0.651 conn 0.001 cls 0.501 gt 725 m1 825 m2 413 edges 389
epoch 03 sample 7400 loss 0.9553 kp 0.273 reg 0.434 conn 0.001 cls 0.384 gt 763 m1 906 m2 459 edges 437
epoch 03 sample 7600 loss 0.9378 kp 0.377 reg 0.505 conn 0.001 cls 0.309 gt 716 m1 820 m2 410 edges 391
epoch 03 sample 7800 loss 0.9159 kp 0.333 reg 0.354 conn 0.001 cls 0.120 gt 606 m1 796 m2 397 edges 375
epoch 03 sample 8000 loss 0.8955 kp 0.250 reg 0.383 conn 0.002 cls 0.105 gt 743 m1 922 m2 446 edges 423
epoch 03 sample 8200 loss 0.8757 kp 0.162 reg 0.451 conn 0.001 cls 0.050 gt 549 m1 613 m2 303 edges 290
epoch 03 sample 8400 loss 0.8552 kp 0.196 reg 0.329 conn 0.001 cls 0.177 gt 349 m1 625 m2 304 edges 280
epoch 03 sample 8600 loss 0.8341 kp 0.340 reg 0.380 conn 0.001 cls 0.211 gt 615 m1 857 m2 438 edges 416
epoch 03 sample 8800 loss 0.8166 kp 0.235 reg 0.443 conn 0.001 cls 0.111 gt 215 m1 369 m2 182 edges 169
epoch 03 sample 9000 loss 0.8001 kp 0.233 reg 0.365 conn 0.001 cls 0.124 gt 338 m1 579 m2 289 edges 271
epoch 03 sample 9200 loss 0.7839 kp 0.253 reg 0.362 conn 0.001 cls 0.063 gt 343 m1 427 m2 212 edges 201
epoch 03 sample 9400 loss 0.7670 kp 0.306 reg 0.381 conn 0.001 cls 0.198 gt 785 m1 981 m2 483 edges 460
epoch 03 sample 9600 loss 0.7505 kp 0.217 reg 0.339 conn 0.001 cls 0.138 gt 731 m1 836 m2 419 edges 398
epoch 03 sample 9800 loss 0.7321 kp 0.222 reg 0.401 conn 0.001 cls 0.164 gt 732 m1 846 m2 422 edges 401
epoch 03 sample 10000 loss 0.7145 kp 0.172 reg 0.299 conn 0.001 cls 0.054 gt 365 m1 454 m2 230 edges 217
epoch 03 sample 10200 loss 0.6991 kp 0.246 reg 0.484 conn 0.001 cls 0.090 gt 373 m1 602 m2 281 edges 269
epoch 03 sample 10400 loss 0.6823 kp 0.214 reg 0.495 conn 0.001 cls 0.109 gt 397 m1 661 m2 320 edges 305
epoch 03 sample 10600 loss 0.6656 kp 0.264 reg 0.387 conn 0.001 cls 0.200 gt 677 m1 976 m2 478 edges 456
epoch 03 sample 10800 loss 0.6477 kp 0.244 reg 0.346 conn 0.001 cls 0.051 gt 767 m1 1016 m2 520 edges 503
epoch 03 sample 11000 loss 0.6344 kp 0.271 reg 0.452 conn 0.001 cls 0.075 gt 779 m1 1010 m2 522 edges 494
epoch 03 sample 11200 loss 0.6175 kp 0.218 reg 0.342 conn 0.001 cls 0.134 gt 437 m1 615 m2 299 edges 285
epoch 03 sample 11400 loss 0.6012 kp 0.258 reg 0.382 conn 0.001 cls 0.183 gt 399 m1 686 m2 333 edges 315
epoch 03 sample 11600 loss 0.5859 kp 0.212 reg 0.430 conn 0.001 cls 0.270 gt 538 m1 872 m2 402 edges 378
epoch 03 sample 11800 loss 0.5726 kp 0.154 reg 0.507 conn 0.001 cls 0.360 gt 270 m1 520 m2 259 edges 241
epoch 03 sample 12000 loss 0.5568 kp 0.129 reg 0.415 conn 0.001 cls 0.044 gt 422 m1 684 m2 336 edges 322
epoch 03 sample 12200 loss 0.5407 kp 0.355 reg 0.452 conn 0.001 cls 0.173 gt 612 m1 792 m2 396 edges 376
epoch 03 sample 12400 loss 0.5238 kp 0.225 reg 0.357 conn 0.001 cls 0.110 gt 591 m1 694 m2 333 edges 309
epoch 03 sample 12600 loss 0.5082 kp 0.265 reg 0.310 conn 0.001 cls 0.084 gt 370 m1 578 m2 254 edges 238
epoch 03 sample 12800 loss 0.4923 kp 0.232 reg 0.387 conn 0.001 cls 0.050 gt 358 m1 588 m2 289 edges 276
epoch 03 sample 13000 loss 0.4760 kp 0.256 reg 0.476 conn 0.001 cls 0.395 gt 630 m1 939 m2 417 edges 398
epoch 03 sample 13200 loss 0.4610 kp 0.172 reg 0.388 conn 0.001 cls 0.325 gt 660 m1 797 m2 381 edges 360
epoch 03 sample 13400 loss 0.4477 kp 0.246 reg 0.363 conn 0.001 cls 0.215 gt 723 m1 1006 m2 491 edges 465
epoch 03 sample 13600 loss 0.4327 kp 0.166 reg 0.287 conn 0.001 cls 0.032 gt 262 m1 462 m2 224 edges 214
epoch 03 sample 13800 loss 0.4163 kp 0.322 reg 0.403 conn 0.001 cls 0.320 gt 743 m1 786 m2 403 edges 383
epoch 03 sample 14000 loss 0.4021 kp 0.171 reg 0.327 conn 0.001 cls 2.099 gt 263 m1 388 m2 172 edges 161
epoch 03 sample 14200 loss 0.3882 kp 0.348 reg 0.474 conn 0.001 cls 0.494 gt 448 m1 721 m2 348 edges 323
epoch 03 sample 14400 loss 0.3729 kp 0.211 reg 0.425 conn 0.001 cls 0.165 gt 494 m1 747 m2 345 edges 329
epoch 03 sample 14600 loss 0.3591 kp 0.252 reg 0.360 conn 0.001 cls 0.085 gt 836 m1 864 m2 451 edges 426
epoch 03 sample 14800 loss 0.3445 kp 0.211 reg 0.418 conn 0.001 cls 0.132 gt 329 m1 554 m2 266 edges 245
epoch 03 sample 15000 loss 0.3295 kp 0.314 reg 0.535 conn 0.001 cls 0.182 gt 610 m1 898 m2 422 edges 400
epoch 03 sample 15200 loss 0.3141 kp 0.229 reg 0.563 conn 0.001 cls 0.225 gt 434 m1 710 m2 328 edges 312
epoch 03 sample 15400 loss 0.2976 kp 0.169 reg 0.378 conn 0.001 cls 0.020 gt 412 m1 579 m2 297 edges 279
epoch 03 sample 15600 loss 0.2823 kp 0.241 reg 0.394 conn 0.001 cls 0.097 gt 676 m1 908 m2 446 edges 426
epoch 03 sample 15800 loss 0.2671 kp 0.130 reg 0.260 conn 0.000 cls 0.014 gt 121 m1 237 m2 118 edges 106
epoch 03 sample 16000 loss 0.2526 kp 0.152 reg 0.324 conn 0.000 cls 0.271 gt 179 m1 327 m2 151 edges 139
epoch 03 sample 16200 loss 0.2390 kp 0.273 reg 0.296 conn 0.001 cls 0.083 gt 301 m1 508 m2 245 edges 235
epoch 03 sample 16400 loss 0.2248 kp 0.137 reg 0.487 conn 0.001 cls 0.115 gt 425 m1 600 m2 249 edges 237
epoch 03 sample 16600 loss 0.2107 kp 0.187 reg 0.371 conn 0.001 cls 0.131 gt 588 m1 698 m2 334 edges 318
epoch 03 sample 16800 loss 0.1970 kp 0.220 reg 0.466 conn 0.000 cls 0.428 gt 221 m1 386 m2 178 edges 165
epoch 03 sample 17000 loss 0.1829 kp 0.252 reg 0.280 conn 0.001 cls 0.182 gt 433 m1 696 m2 337 edges 322
epoch 03 sample 17200 loss 0.1686 kp 0.253 reg 0.406 conn 0.001 cls 0.418 gt 605 m1 890 m2 417 edges 392
epoch 03 sample 17400 loss 0.1541 kp 0.159 reg 0.303 conn 0.001 cls 0.013 gt 394 m1 556 m2 269 edges 254
epoch 03 sample 17600 loss 0.1407 kp 0.220 reg 0.336 conn 0.001 cls 0.145 gt 610 m1 931 m2 463 edges 438
epoch 03 sample 17800 loss 0.1283 kp 0.275 reg 1.128 conn 0.000 cls 0.119 gt 84 m1 91 m2 50 edges 46
epoch 03 sample 18000 loss 0.1167 kp 0.180 reg 0.338 conn 0.001 cls 0.310 gt 188 m1 368 m2 173 edges 162
epoch 03 sample 18200 loss 0.1025 kp 0.244 reg 0.537 conn 0.001 cls 0.416 gt 206 m1 338 m2 163 edges 151
epoch 03 sample 18400 loss 0.0905 kp 0.276 reg 0.599 conn 0.001 cls 0.243 gt 614 m1 925 m2 463 edges 441
epoch 03 sample 18600 loss 0.0782 kp 0.182 reg 0.352 conn 0.001 cls 0.123 gt 427 m1 498 m2 252 edges 240
epoch 03 sample 18800 loss 0.0641 kp 0.208 reg 0.319 conn 0.001 cls 0.123 gt 424 m1 785 m2 370 edges 347
epoch 03 sample 19000 loss 0.0507 kp 0.165 reg 0.299 conn 0.001 cls 0.064 gt 339 m1 603 m2 272 edges 256
epoch 03 sample 19200 loss 0.0379 kp 0.217 reg 0.389 conn 0.001 cls 0.151 gt 677 m1 839 m2 391 edges 369
epoch 03 sample 19400 loss 0.0252 kp 0.249 reg 0.486 conn 0.001 cls 0.107 gt 595 m1 719 m2 379 edges 356
epoch 03 sample 19600 loss 0.0134 kp 0.201 reg 0.484 conn 0.001 cls 0.124 gt 612 m1 811 m2 401 edges 381
epoch 03 sample 19800 loss 0.0011 kp 0.219 reg 0.450 conn 0.001 cls 0.036 gt 702 m1 855 m2 411 edges 395
epoch 03 sample 20000 loss -0.0122 kp 0.215 reg 0.269 conn 0.001 cls 0.092 gt 371 m1 621 m2 297 edges 282
epoch 03 sample 20200 loss -0.0247 kp 0.363 reg 0.359 conn 0.001 cls 0.141 gt 585 m1 702 m2 351 edges 333
epoch 03 sample 20400 loss -0.0369 kp 0.164 reg 0.268 conn 0.001 cls 0.022 gt 270 m1 412 m2 198 edges 188
epoch 03 sample 20600 loss -0.0492 kp 0.201 reg 0.271 conn 0.001 cls 0.164 gt 681 m1 739 m2 389 edges 372
epoch 03 sample 20800 loss -0.0601 kp 0.279 reg 0.378 conn 0.001 cls 0.090 gt 529 m1 881 m2 397 edges 377
epoch 03 sample 21000 loss -0.0722 kp 0.175 reg 0.314 conn 0.001 cls 0.153 gt 753 m1 1019 m2 510 edges 487
epoch 03 sample 21200 loss -0.0844 kp 0.286 reg 0.560 conn 0.001 cls 0.158 gt 526 m1 598 m2 293 edges 275
epoch 03 sample 21400 loss -0.0966 kp 0.187 reg 0.409 conn 0.001 cls 0.055 gt 724 m1 1015 m2 478 edges 456
epoch 03 sample 21600 loss -0.1082 kp 0.285 reg 0.421 conn 0.001 cls 0.206 gt 499 m1 751 m2 367 edges 343
epoch 03 sample 21800 loss -0.1205 kp 0.186 reg 0.360 conn 0.000 cls 0.156 gt 141 m1 262 m2 123 edges 108
epoch 03 sample 22000 loss -0.1334 kp 0.227 reg 0.350 conn 0.000 cls 0.072 gt 126 m1 197 m2 93 edges 83
epoch 03 sample 22200 loss -0.1448 kp 0.166 reg 0.274 conn 0.001 cls 0.101 gt 615 m1 847 m2 425 edges 410
epoch 03 sample 22400 loss -0.1553 kp 0.263 reg 0.395 conn 0.001 cls 0.207 gt 411 m1 528 m2 257 edges 241
epoch 03 sample 22600 loss -0.1671 kp 0.151 reg 0.491 conn 0.001 cls 0.386 gt 492 m1 723 m2 351 edges 333
epoch 03 sample 22800 loss -0.1795 kp 0.147 reg 0.323 conn 0.001 cls 0.095 gt 593 m1 713 m2 341 edges 322
epoch 03 sample 23000 loss -0.1911 kp 0.210 reg 0.426 conn 0.001 cls 0.091 gt 540 m1 857 m2 418 edges 398
epoch 03 sample 23200 loss -0.2025 kp 0.260 reg 0.388 conn 0.001 cls 0.486 gt 619 m1 781 m2 415 edges 392
epoch 03 sample 23400 loss -0.2147 kp 0.157 reg 0.320 conn 0.001 cls 0.084 gt 410 m1 461 m2 240 edges 225
epoch 03 sample 23600 loss -0.2261 kp 0.136 reg 0.414 conn 0.000 cls 0.089 gt 213 m1 274 m2 128 edges 117
epoch 03 sample 23800 loss -0.2384 kp 0.225 reg 0.283 conn 0.001 cls 0.013 gt 702 m1 687 m2 356 edges 339
epoch 03 sample 24000 loss -0.2482 kp 0.198 reg 0.357 conn 0.001 cls 0.084 gt 452 m1 830 m2 409 edges 389
epoch 03 sample 24200 loss -0.2604 kp 0.305 reg 0.428 conn 0.001 cls 0.156 gt 679 m1 934 m2 447 edges 425
epoch 03 sample 24400 loss -0.2721 kp 0.160 reg 0.274 conn 0.001 cls 0.111 gt 421 m1 555 m2 282 edges 263
epoch 03 sample 24600 loss -0.2828 kp 0.262 reg 0.333 conn 0.001 cls 0.142 gt 695 m1 803 m2 402 edges 381
epoch 03 sample 24800 loss -0.2953 kp 0.199 reg 0.261 conn 0.001 cls 0.069 gt 594 m1 785 m2 394 edges 370
epoch 03 sample 25000 loss -0.3073 kp 0.210 reg 0.293 conn 0.001 cls 0.082 gt 394 m1 699 m2 352 edges 330
epoch 03 sample 25200 loss -0.3194 kp 0.239 reg 0.301 conn 0.001 cls 0.136 gt 611 m1 944 m2 469 edges 444
epoch 03 sample 25400 loss -0.3302 kp 0.246 reg 1.092 conn 0.001 cls 0.178 gt 555 m1 923 m2 448 edges 423
epoch 03 sample 25600 loss -0.3424 kp 0.187 reg 0.314 conn 0.001 cls 0.083 gt 267 m1 515 m2 251 edges 229
epoch 03 sample 25800 loss -0.3543 kp 0.231 reg 0.275 conn 0.001 cls 0.087 gt 763 m1 922 m2 452 edges 433
epoch 03 sample 26000 loss -0.3663 kp 0.184 reg 0.399 conn 0.001 cls 0.326 gt 427 m1 726 m2 322 edges 303
epoch 03 sample 26200 loss -0.3778 kp 0.178 reg 0.220 conn 0.001 cls 0.062 gt 261 m1 479 m2 237 edges 228
epoch 03 sample 26400 loss -0.3892 kp 0.142 reg 0.381 conn 0.000 cls 0.049 gt 412 m1 436 m2 222 edges 207
epoch 03 sample 26600 loss -0.4016 kp 0.214 reg 0.318 conn 0.001 cls 0.085 gt 635 m1 730 m2 371 edges 351
epoch 03 sample 26800 loss -0.4126 kp 0.242 reg 0.475 conn 0.001 cls 0.091 gt 500 m1 675 m2 334 edges 315
epoch 03 sample 27000 loss -0.4232 kp 0.227 reg 0.404 conn 0.002 cls 0.086 gt 904 m1 1119 m2 516 edges 490
epoch 03 sample 27200 loss -0.4348 kp 0.169 reg 0.315 conn 0.001 cls 0.035 gt 333 m1 608 m2 288 edges 276
epoch 03 sample 27400 loss -0.4461 kp 0.227 reg 0.378 conn 0.001 cls 0.065 gt 494 m1 707 m2 354 edges 335
epoch 03 sample 27600 loss -0.4575 kp 0.179 reg 0.400 conn 0.001 cls 0.148 gt 456 m1 733 m2 353 edges 330
epoch 03 sample 27800 loss -0.4696 kp 0.194 reg 0.378 conn 0.001 cls 0.065 gt 459 m1 740 m2 352 edges 330
epoch 03 sample 28000 loss -0.4813 kp 0.168 reg 0.320 conn 0.001 cls 0.084 gt 302 m1 353 m2 185 edges 174
epoch 03 sample 28200 loss -0.4922 kp 0.154 reg 0.305 conn 0.001 cls 0.079 gt 387 m1 573 m2 291 edges 276
epoch 03 sample 28400 loss -0.5024 kp 0.153 reg 0.318 conn 0.001 cls 0.042 gt 542 m1 714 m2 330 edges 307
epoch 03 sample 28600 loss -0.5127 kp 0.189 reg 0.537 conn 0.000 cls 0.284 gt 327 m1 404 m2 196 edges 184
epoch 03 sample 28800 loss -0.5231 kp 0.239 reg 0.349 conn 0.001 cls 0.154 gt 584 m1 1051 m2 520 edges 498
epoch 03 sample 29000 loss -0.5346 kp 0.163 reg 0.325 conn 0.001 cls 0.114 gt 654 m1 1031 m2 450 edges 431
epoch 03 sample 29200 loss -0.5464 kp 0.142 reg 0.336 conn 0.001 cls 0.023 gt 436 m1 568 m2 281 edges 263
epoch 03 sample 29400 loss -0.5557 kp 0.238 reg 0.406 conn 0.001 cls 0.566 gt 385 m1 668 m2 340 edges 324
epoch 03 sample 29600 loss -0.5665 kp 0.134 reg 0.335 conn 0.000 cls 0.022 gt 160 m1 264 m2 124 edges 115
epoch 03 sample 29800 loss -0.5774 kp 0.217 reg 0.299 conn 0.001 cls 0.022 gt 447 m1 709 m2 337 edges 323
epoch 03 sample 30000 loss -0.5888 kp 0.214 reg 0.283 conn 0.001 cls 0.080 gt 629 m1 905 m2 398 edges 373
epoch 03 sample 30200 loss -0.5996 kp 0.215 reg 0.349 conn 0.002 cls 0.105 gt 511 m1 835 m2 387 edges 361
epoch 03 sample 30400 loss -0.6107 kp 0.207 reg 0.395 conn 0.001 cls 0.285 gt 559 m1 809 m2 355 edges 335
epoch 03 sample 30600 loss -0.6208 kp 0.203 reg 0.279 conn 0.001 cls 0.106 gt 392 m1 679 m2 327 edges 310
epoch 03 sample 30800 loss -0.6312 kp 0.222 reg 0.374 conn 0.001 cls 0.133 gt 481 m1 594 m2 282 edges 266
epoch 03 sample 31000 loss -0.6407 kp 0.319 reg 0.450 conn 0.001 cls 0.074 gt 398 m1 646 m2 275 edges 255
epoch 03 sample 31200 loss -0.6501 kp 0.160 reg 0.245 conn 0.001 cls 0.043 gt 361 m1 628 m2 305 edges 290
epoch 03 sample 31400 loss -0.6598 kp 0.194 reg 0.411 conn 0.001 cls 0.117 gt 422 m1 714 m2 341 edges 323
epoch 03 sample 31600 loss -0.6713 kp 0.273 reg 0.302 conn 0.001 cls 0.224 gt 1162 m1 1247 m2 632 edges 594
epoch 03 sample 31800 loss -0.6814 kp 0.210 reg 0.412 conn 0.001 cls 0.303 gt 743 m1 922 m2 443 edges 419
epoch 03 sample 32000 loss -0.6917 kp 0.195 reg 0.313 conn 0.001 cls 0.209 gt 534 m1 833 m2 387 edges 364
epoch 03 sample 32200 loss -0.7026 kp 0.211 reg 0.301 conn 0.001 cls 0.044 gt 494 m1 801 m2 369 edges 356
epoch 03 sample 32400 loss -0.7139 kp 0.163 reg 0.346 conn 0.001 cls 0.131 gt 559 m1 780 m2 357 edges 339
epoch 03 sample 32600 loss -0.7229 kp 0.137 reg 0.303 conn 0.001 cls 0.029 gt 198 m1 356 m2 168 edges 157
epoch 03 sample 32800 loss -0.7336 kp 0.190 reg 0.347 conn 0.001 cls 0.104 gt 527 m1 934 m2 419 edges 396
epoch 03 sample 33000 loss -0.7443 kp 0.212 reg 0.360 conn 0.001 cls 0.254 gt 522 m1 744 m2 358 edges 335
epoch 03 sample 33200 loss -0.7552 kp 0.215 reg 0.241 conn 0.001 cls 0.078 gt 449 m1 642 m2 306 edges 286
epoch 03 sample 33400 loss -0.7654 kp 0.173 reg 0.286 conn 0.001 cls 0.033 gt 389 m1 540 m2 279 edges 262
epoch 03 sample 33600 loss -0.7751 kp 0.182 reg 0.331 conn 0.001 cls 0.071 gt 474 m1 746 m2 337 edges 321
epoch 03 sample 33800 loss -0.7854 kp 0.203 reg 0.291 conn 0.001 cls 0.051 gt 661 m1 828 m2 421 edges 404
epoch 03 sample 34000 loss -0.7952 kp 0.181 reg 0.386 conn 0.001 cls 0.127 gt 430 m1 829 m2 338 edges 320
epoch 03 sample 34200 loss -0.8054 kp 0.238 reg 0.416 conn 0.001 cls 0.013 gt 246 m1 409 m2 200 edges 189
epoch 03 sample 34400 loss -0.8148 kp 0.149 reg 0.245 conn 0.001 cls 0.062 gt 280 m1 520 m2 263 edges 242
epoch 03 sample 34600 loss -0.8245 kp 0.104 reg 0.252 conn 0.000 cls 0.057 gt 221 m1 382 m2 158 edges 145
epoch 03 sample 34800 loss -0.8349 kp 0.183 reg 0.365 conn 0.001 cls 0.145 gt 319 m1 479 m2 238 edges 221
epoch 03 sample 35000 loss -0.8442 kp 0.268 reg 0.304 conn 0.001 cls 0.043 gt 849 m1 1036 m2 519 edges 491
epoch 03 sample 35200 loss -0.8539 kp 0.139 reg 0.401 conn 0.001 cls 0.058 gt 545 m1 856 m2 399 edges 382
epoch 03 sample 35400 loss -0.8637 kp 0.212 reg 0.540 conn 0.001 cls 0.105 gt 502 m1 777 m2 361 edges 343
epoch 03 sample 35600 loss -0.8738 kp 0.132 reg 0.357 conn 0.001 cls 0.108 gt 605 m1 933 m2 462 edges 442
epoch 03 sample 35800 loss -0.8839 kp 0.226 reg 0.318 conn 0.001 cls 0.132 gt 591 m1 796 m2 408 edges 389
epoch 03 sample 36000 loss -0.8941 kp 0.223 reg 0.370 conn 0.001 cls 0.069 gt 429 m1 672 m2 332 edges 309
epoch 03 sample 36200 loss -0.9042 kp 0.179 reg 0.279 conn 0.001 cls 0.047 gt 404 m1 607 m2 296 edges 279
epoch 03 sample 36400 loss -0.9136 kp 0.139 reg 0.382 conn 0.001 cls 0.019 gt 517 m1 749 m2 365 edges 343
epoch 03 sample 36600 loss -0.9241 kp 0.228 reg 0.364 conn 0.001 cls 0.097 gt 606 m1 772 m2 348 edges 330
epoch 03 sample 36800 loss -0.9341 kp 0.160 reg 0.329 conn 0.001 cls 0.031 gt 758 m1 939 m2 459 edges 434
epoch 03 sample 37000 loss -0.9435 kp 0.160 reg 0.360 conn 0.001 cls 0.033 gt 195 m1 334 m2 161 edges 151
epoch 03 sample 37200 loss -0.9534 kp 0.184 reg 0.547 conn 0.000 cls 0.069 gt 188 m1 304 m2 148 edges 137
epoch 03 sample 37400 loss -0.9632 kp 0.176 reg 0.268 conn 0.001 cls 0.046 gt 579 m1 978 m2 470 edges 450
epoch 03 sample 37600 loss -0.9731 kp 0.109 reg 0.452 conn 0.000 cls 0.275 gt 113 m1 223 m2 100 edges 89
epoch 03 sample 37800 loss -0.9826 kp 0.242 reg 0.294 conn 0.001 cls 0.123 gt 602 m1 905 m2 436 edges 412
epoch 03 sample 38000 loss -0.9912 kp 0.186 reg 0.394 conn 0.001 cls 0.141 gt 513 m1 738 m2 360 edges 336
epoch 03 sample 38200 loss -1.0015 kp 0.181 reg 0.571 conn 0.001 cls 0.007 gt 569 m1 749 m2 371 edges 358
epoch 03 sample 38400 loss -1.0122 kp 0.145 reg 0.271 conn 0.001 cls 0.078 gt 390 m1 740 m2 347 edges 330
epoch 03 sample 38600 loss -1.0217 kp 0.206 reg 0.288 conn 0.001 cls 0.078 gt 586 m1 978 m2 473 edges 453
epoch 03 sample 38800 loss -1.0308 kp 0.356 reg 0.376 conn 0.001 cls 0.372 gt 372 m1 623 m2 297 edges 281
epoch 03 sample 39000 loss -1.0406 kp 0.146 reg 0.289 conn 0.001 cls 0.303 gt 582 m1 881 m2 449 edges 431
epoch 03 sample 39200 loss -1.0502 kp 0.193 reg 1.053 conn 0.001 cls 0.057 gt 401 m1 613 m2 299 edges 283
epoch 03 sample 39400 loss -1.0586 kp 0.187 reg 0.409 conn 0.000 cls 0.152 gt 215 m1 347 m2 167 edges 153
epoch 03 sample 39600 loss -1.0681 kp 0.080 reg 0.287 conn 0.000 cls 0.002 gt 162 m1 319 m2 159 edges 148
epoch 03 sample 39800 loss -1.0772 kp 0.123 reg 0.326 conn 0.001 cls 0.077 gt 519 m1 724 m2 365 edges 348
epoch 03 sample 40000 loss -1.0871 kp 0.102 reg 0.421 conn 0.001 cls 0.083 gt 406 m1 562 m2 216 edges 202
epoch 03 sample 40200 loss -1.0970 kp 0.233 reg 0.374 conn 0.001 cls 0.130 gt 580 m1 1040 m2 474 edges 448
epoch 03 sample 40400 loss -1.1055 kp 0.200 reg 0.373 conn 0.001 cls 0.087 gt 284 m1 513 m2 229 edges 217
epoch 03 sample 40600 loss -1.1148 kp 0.169 reg 0.365 conn 0.001 cls 0.091 gt 446 m1 554 m2 279 edges 262
epoch 03 sample 40800 loss -1.1238 kp 0.184 reg 0.363 conn 0.001 cls 0.050 gt 341 m1 633 m2 291 edges 272
epoch 03 sample 41000 loss -1.1318 kp 0.198 reg 0.411 conn 0.001 cls 0.231 gt 504 m1 777 m2 376 edges 355
epoch 03 sample 41200 loss -1.1408 kp 0.257 reg 0.311 conn 0.001 cls 0.137 gt 430 m1 581 m2 292 edges 275
epoch 03 sample 41400 loss -1.1502 kp 0.181 reg 0.336 conn 0.001 cls 0.121 gt 777 m1 984 m2 486 edges 463
epoch 03 sample 41600 loss -1.1590 kp 0.215 reg 0.362 conn 0.000 cls 0.146 gt 196 m1 342 m2 161 edges 150
epoch 03 sample 41800 loss -1.1681 kp 0.172 reg 0.318 conn 0.001 cls 0.042 gt 496 m1 750 m2 360 edges 345
epoch 03 sample 42000 loss -1.1776 kp 0.170 reg 0.290 conn 0.001 cls 0.088 gt 390 m1 595 m2 281 edges 258
epoch 03 sample 42200 loss -1.1866 kp 0.151 reg 0.316 conn 0.001 cls 0.108 gt 989 m1 1219 m2 542 edges 515
epoch 03 sample 42400 loss -1.1956 kp 0.142 reg 0.361 conn 0.001 cls 0.090 gt 250 m1 457 m2 222 edges 207
epoch 03 sample 42600 loss -1.2047 kp 0.238 reg 0.331 conn 0.001 cls 0.090 gt 803 m1 992 m2 476 edges 449
epoch 03 sample 42800 loss -1.2146 kp 0.156 reg 0.349 conn 0.001 cls 0.005 gt 344 m1 511 m2 252 edges 239
epoch 03 sample 43000 loss -1.2231 kp 0.175 reg 0.357 conn 0.001 cls 0.142 gt 585 m1 923 m2 416 edges 398
epoch 03 sample 43200 loss -1.2328 kp 0.238 reg 0.349 conn 0.001 cls 0.044 gt 431 m1 525 m2 251 edges 233
epoch 03 sample 43400 loss -1.2425 kp 0.196 reg 0.334 conn 0.001 cls 0.068 gt 752 m1 1024 m2 489 edges 460
epoch 03 sample 43600 loss -1.2514 kp 0.142 reg 0.335 conn 0.001 cls 0.075 gt 473 m1 662 m2 318 edges 297
epoch 03 sample 43800 loss -1.2599 kp 0.176 reg 0.429 conn 0.001 cls 0.742 gt 697 m1 1001 m2 500 edges 477
epoch 03 sample 44000 loss -1.2695 kp 0.118 reg 0.251 conn 0.001 cls 0.051 gt 611 m1 745 m2 361 edges 342
epoch 03 sample 44200 loss -1.2781 kp 0.151 reg 0.270 conn 0.001 cls 0.067 gt 561 m1 911 m2 410 edges 384
epoch 03 sample 44400 loss -1.2855 kp 0.207 reg 0.392 conn 0.001 cls 0.048 gt 563 m1 699 m2 340 edges 323
epoch 03 sample 44600 loss -1.2948 kp 0.132 reg 1.034 conn 0.001 cls 0.061 gt 353 m1 602 m2 259 edges 239
epoch 03 sample 44800 loss -1.3042 kp 0.171 reg 0.335 conn 0.001 cls 0.056 gt 543 m1 874 m2 405 edges 387
epoch 03 sample 45000 loss -1.3127 kp 0.164 reg 0.369 conn 0.001 cls 0.025 gt 316 m1 565 m2 281 edges 268
epoch 03 sample 45200 loss -1.3214 kp 0.165 reg 0.265 conn 0.001 cls 0.009 gt 427 m1 619 m2 318 edges 305
epoch 03 sample 45400 loss -1.3299 kp 0.173 reg 0.308 conn 0.001 cls 0.047 gt 377 m1 702 m2 323 edges 311
epoch 03 sample 45600 loss -1.3385 kp 0.154 reg 0.304 conn 0.001 cls 0.040 gt 577 m1 808 m2 377 edges 358
epoch 03 sample 45800 loss -1.3465 kp 0.361 reg 0.425 conn 0.001 cls 0.191 gt 611 m1 862 m2 435 edges 408
epoch 03 sample 46000 loss -1.3555 kp 0.208 reg 0.286 conn 0.001 cls 0.056 gt 326 m1 602 m2 298 edges 273
epoch 03 sample 46200 loss -1.3640 kp 0.090 reg 0.221 conn 0.000 cls 0.018 gt 147 m1 294 m2 124 edges 113
epoch 03 sample 46400 loss -1.3715 kp 0.247 reg 0.286 conn 0.001 cls 0.023 gt 388 m1 629 m2 324 edges 301
epoch 03 sample 46600 loss -1.3796 kp 0.204 reg 0.391 conn 0.001 cls 0.086 gt 397 m1 672 m2 330 edges 305
epoch 03 sample 46800 loss -1.3881 kp 0.107 reg 0.280 conn 0.001 cls 0.023 gt 215 m1 418 m2 182 edges 162
epoch 03 sample 47000 loss -1.3970 kp 0.415 reg 0.348 conn 0.001 cls 0.120 gt 705 m1 921 m2 465 edges 439
epoch 03 sample 47200 loss -1.4057 kp 0.174 reg 0.263 conn 0.001 cls 0.052 gt 797 m1 932 m2 471 edges 449
epoch 03 sample 47400 loss -1.4147 kp 0.193 reg 0.325 conn 0.001 cls 0.168 gt 482 m1 867 m2 364 edges 346

Smoke training complete
Samples: 47533
Elapsed time: 6418.00 seconds
Seconds per sample: 0.135
Peak GPU memory: 2.85 GB
